{"OCID":{"x":{"R003":1.0},"y":{"R003":1.0},"default":{"R003":1.0},"missing":{"R003":1.0}}}