{"OCID":{"open":{"R003":1.0},"selective":{"R003":1.0},"limited":{"R003":1.0},"direct":{"R003":1.0},"missing":{"R003":1.0}}}
