{"OCID":{"open":{"R003":1.0},"selective":{"R003":1.0}}}
