{"OCID":{"F":{"R028":1.0}},"Tenderer":{"D":{"R028":1.0},"V":{"R028":1.0}}}
