{"OCID":{"F":{"R030":1.0}},"Tenderer":{"W":{"R030":1.0}}}
