{"OCID":{"F1":{"R035":1.0},"F2":{"R035":2.0},"repeat":{"R035":1.0},"accept":{"R035":1.0}},"Tenderer":{"V":{"R035":0.0}}}
