{"OCID":{"F":{"R036":1.0},"invited":{"R036":1.0},"withdrawn":{"R036":1.0},"equal":{"R036":1.0}}}
