{"OCID":{"F":{"R058":100.0}},"Tenderer":{"W":{"R058":0.0}}}
