Refinement count(publishers(joint_states)) == 1 not satisfied in joint_states:sensor_msgs/JointState where {count(publishers(joint_states)) == 1}
Refinement count(publishers(joint_states)) == 1 not satisfied in joint_states:sensor_msgs/JointState where {count(publishers(joint_states)) == 1}