Provider not found for service get_distance_to_obstacle