Publisher not found for subscriber /RosAria/cmd_vel