Dependency two_d_mode -> odom0_config[6] and odom0_config[7] not satisfied in ekf_filter_node