Dependency exists(twist0_config) -> exists(twist0) not satisfied in ekf_localization_node