Dependency is_simulation -> use_sim_time not satisfied in laser_scan_matcher
Broadcaster not found for listener laser -> base_link