Dependency imu0_config[1, 2] == imu0_differential[1, 2] not satisfied in robot_localization