Dependency exists(initial_pose) -> set_initial_pose and exists(initial_pose) and set_initial_pose -> always_reset_initial_pose not satisfied in amcl
Publisher not found for subscriber initialpose