Broadcast "base_link" -> "odom" has multiple parents