Broadcast "odom_error" -> "map" has multiple parents