Dependency z_voxels == len(observation_sources) not satisfied in obstacle_layer