Refinement count(publishers(tf)) == 1 not satisfied in tf:tf2_msgs/TFMessage where {count(publishers(tf)) == 1}