Refinement count(publishers(image)) == 1 not satisfied in image:sensor_msgs/Image where {count(publishers(image)) == 1}
Refinement count(publishers(image)) == 1 not satisfied in image:sensor_msgs/Image where {count(publishers(image)) == 1}