Configurable information worl_frame not found in ekf_filter_node_type