Provider not found for service /camera/set_camera_info