Dependency number_of_systems > 1 -> exists(tf_prefix) not satisfied in rviz