Dependency number_of_robots > 1 -> exists(tf_prefix) not satisfied in robot_state_publisher