Dependency is_simulation -> use_sim_time not satisfied in joint_controller