Publisher not found for subscriber initialpose_dqn