Dependency object_avoidance -> !(useNavGoalToSetStaticObstacle) not satisfied in op_motion_simulation