Broadcaster not found for listener "base_link" -> "base_link"