Dependency is_simulation -> use_sim_time not satisfied in laser_scan_matcher_node