Broadcaster not found for listener map -> base_link