{"":1,"/":1,"/x":1,"/x[]":5,"/x[]/":5,"/x[]/y":5,"/x[]/y[]":1,"/x[]/y/":1,"/x[]/y/a":1}
