{"":4,"/":4,"/a":2,"/a/":2,"/a/b":2,"/a/c":1,"/a/c[]":1,"/a/c[]/":1,"/a/c[]/d":1,"/a/c[]/d[]":2,"/x":2}
